src/App.tsx(218,13): error TS2322: Type '{ children: Element[]; key: string; initial: { opacity: number; }; animate: { opacity: number; }; exit: { opacity: number; }; className: string; }' is not assignable to type 'IntrinsicAttributes & HTMLAttributesWithoutMotionProps<unknown, unknown> & MotionProps & RefAttributes<unknown>'.
  Property 'className' does not exist on type 'IntrinsicAttributes & HTMLAttributesWithoutMotionProps<unknown, unknown> & MotionProps & RefAttributes<unknown>'.
src/App.tsx(259,13): error TS2322: Type '{ children: Element[]; key: string; initial: { opacity: number; }; animate: { opacity: number; }; exit: { opacity: number; }; className: string; }' is not assignable to type 'IntrinsicAttributes & HTMLAttributesWithoutMotionProps<unknown, unknown> & MotionProps & RefAttributes<unknown>'.
  Property 'className' does not exist on type 'IntrinsicAttributes & HTMLAttributesWithoutMotionProps<unknown, unknown> & MotionProps & RefAttributes<unknown>'.
src/App.tsx(275,13): error TS2322: Type '{ children: Element[]; key: string; initial: { opacity: number; }; animate: { opacity: number; }; className: string; }' is not assignable to type 'IntrinsicAttributes & HTMLAttributesWithoutMotionProps<unknown, unknown> & MotionProps & RefAttributes<unknown>'.
  Property 'className' does not exist on type 'IntrinsicAttributes & HTMLAttributesWithoutMotionProps<unknown, unknown> & MotionProps & RefAttributes<unknown>'.
src/App.tsx(297,19): error TS2322: Type '{ children: Element; key: any; initial: { opacity: number; x: number; }; animate: { opacity: number; x: number; }; transition: { delay: number; }; className: string; }' is not assignable to type 'IntrinsicAttributes & HTMLAttributesWithoutMotionProps<unknown, unknown> & MotionProps & RefAttributes<unknown>'.
  Property 'className' does not exist on type 'IntrinsicAttributes & HTMLAttributesWithoutMotionProps<unknown, unknown> & MotionProps & RefAttributes<unknown>'.
src/App.tsx(341,13): error TS2322: Type '{ children: Element[]; key: string; initial: { opacity: number; }; animate: { opacity: number; }; className: string; }' is not assignable to type 'IntrinsicAttributes & HTMLAttributesWithoutMotionProps<unknown, unknown> & MotionProps & RefAttributes<unknown>'.
  Property 'className' does not exist on type 'IntrinsicAttributes & HTMLAttributesWithoutMotionProps<unknown, unknown> & MotionProps & RefAttributes<unknown>'.
src/App.tsx(356,13): error TS2322: Type '{ children: Element[]; key: string; initial: { opacity: number; y: number; }; animate: { opacity: number; y: number; }; className: string; }' is not assignable to type 'IntrinsicAttributes & HTMLAttributesWithoutMotionProps<unknown, unknown> & MotionProps & RefAttributes<unknown>'.
  Property 'className' does not exist on type 'IntrinsicAttributes & HTMLAttributesWithoutMotionProps<unknown, unknown> & MotionProps & RefAttributes<unknown>'.
src/App.tsx(486,13): error TS2322: Type '{ children: string; initial: { y: number; opacity: number; }; animate: { y: number; opacity: number; }; exit: { y: number; opacity: number; }; className: string; }' is not assignable to type 'IntrinsicAttributes & HTMLAttributesWithoutMotionProps<unknown, unknown> & MotionProps & RefAttributes<unknown>'.
  Property 'className' does not exist on type 'IntrinsicAttributes & HTMLAttributesWithoutMotionProps<unknown, unknown> & MotionProps & RefAttributes<unknown>'.
